// Jest Snapshot v1, https://goo.gl/fbAQLP

exports[`the SubHeader component should render 1`] = `ShallowWrapper {}`;

exports[`the SubHeader component should render with a btns and handle the onClick event 1`] = `ShallowWrapper {}`;
